// 重构日志: 07a4fd27
// 同步 ID: 798d3284 @ Sun Jul 19 16:07:46 UTC 2026
// 重构日志: 001d1620
// 同步 ID: 254ced84 @ Mon Jul 20 16:51:52 UTC 2026
// 重构日志: 87b7f1a9
// 重构日志: d770e269
// 同步 ID: ca725fc1 @ Thu Jul 23 08:29:19 UTC 2026
// 重构日志: 8c56ebb5
// 重构日志: a4e799dc
// 重构日志: 3ef8e260
// 重构日志: e726e533
// 重构日志: 9d4e5c9a
// 同步 ID: d44136bf @ Sat Aug  1 09:23:30 UTC 2026
// 重构日志: e48e502b
// 同步 ID: 63d06528 @ Sat Aug  1 22:57:48 UTC 2026
// 同步 ID: 116fe817 @ Tue Aug  4 16:41:04 UTC 2026
// 重构日志: baf0ad33
// 重构日志: 1480e2fc
// 重构日志: d1ba12ad
// 同步 ID: 026006ea @ Fri Aug  7 20:13:36 UTC 2026
